sent 0 emails for 2026-07-28 (reminder 3)
finalized 0 records for 2026-07-28
sent 1 emails for 2026-07-29 (reminder 1)
akshare 未安装，跳过 AkShare财经
HackerNews: 拉取 30 条，新增 1 条
AkShare财经: 拉取 0 条，新增 0 条
中新网即时: 拉取 30 条，新增 30 条
中新网要闻: 拉取 30 条，新增 26 条
中新网时政: 拉取 30 条，新增 20 条
中新网国际: 拉取 30 条，新增 26 条
中新网财经: 拉取 30 条，新增 20 条
中新网大湾区: 拉取 30 条，新增 30 条
中新网东盟: 拉取 12 条，新增 12 条
完成，共新增 165 条
sent 1 emails for 2026-07-29 (reminder 2)
akshare 未安装，跳过 AkShare财经
HackerNews: 拉取 30 条，新增 7 条
AkShare财经: 拉取 0 条，新增 0 条
中新网即时: 拉取 30 条，新增 30 条
中新网要闻: 拉取 30 条，新增 2 条
中新网时政: 拉取 30 条，新增 23 条
中新网国际: 拉取 30 条，新增 2 条
中新网财经: 拉取 30 条，新增 21 条
中新网大湾区: 拉取 30 条，新增 6 条
中新网东盟: 拉取 12 条，新增 0 条
完成，共新增 91 条
